1- R    0     9999999999999999999999999999999 √
2- F   d255   ,   161   ,  77 √
3- werty